// Vitest Snapshot v1, https://vitest.dev/guide/snapshot.html

exports[`Api Key Success > Renders the component 1`] = `
"<!--teleport start-->
<!--teleport end-->"
`;
