// Vitest Snapshot v1, https://vitest.dev/guide/snapshot.html

exports[`Device Action Button > Renders the component 1`] = `
"<div data-v-6b5207c0="" notificationstatus="false">
  <div data-v-6b5207c0="" class="v-list-item v-list-item--link v-theme--light v-list-item--density-default rounded-0 v-list-item--variant-text" tabindex="0" data-test="list-item"><span class="v-list-item__overlay"></span><span class="v-list-item__underlay"></span>
    <!---->
    <div class="v-list-item__content" data-no-activator="">
      <!---->
      <!----><span data-v-6b5207c0="" aria-describedby="v-tooltip-v-0"><div data-v-6b5207c0="" class="v-list-item-title" data-test="action-item"><i data-v-6b5207c0="" class="mdi-check mdi v-icon notranslate v-theme--light v-icon--size-default" aria-hidden="true"></i> Accept</div></span>
      <!--teleport start-->
      <!--teleport end-->
    </div>
    <!---->
  </div>
  <!---->
  <!---->
</div>"
`;
