// Vitest Snapshot v1, https://vitest.dev/guide/snapshot.html

exports[`Device List > Renders the component 1`] = `
"<div>
  <div data-v-046d4556="" data-v-787abe29="" data-test="device-table">
    <div data-v-046d4556="" class="v-table v-theme--light v-table--density-default bg-background border rounded">
      <!---->
      <div class="v-table__wrapper">
        <table>
          <thead data-v-046d4556="" class="bg-v-theme-background">
            <tr data-v-046d4556="">
              <th data-v-046d4556="" class="text-center"><span data-v-046d4556="" tabindex="0" class="hover" aria-describedby="v-tooltip-v-0">Online <!----><!--teleport start--><!--teleport end--></span></th>
              <th data-v-046d4556="" class="text-center"><span data-v-046d4556="" tabindex="0" class="hover" aria-describedby="v-tooltip-v-1">Hostname <!----><!--teleport start--><!--teleport end--></span></th>
              <th data-v-046d4556="" class="text-center"><span data-v-046d4556="">Operating System</span></th>
              <th data-v-046d4556="" class="text-center"><span data-v-046d4556="">SSHID</span></th>
              <th data-v-046d4556="" class="text-center"><span data-v-046d4556="">Tags</span></th>
              <th data-v-046d4556="" class="text-center"><span data-v-046d4556="">Actions</span></th>
            </tr>
          </thead>
          <tbody data-v-046d4556="">
            <tr data-v-787abe29="">
              <td data-v-787abe29="" class="text-center"><button data-v-35d3a308="" type="button" class="v-btn v-btn--disabled v-theme--light text-normal v-btn--density-comfortable v-btn--size-default v-btn--variant-outlined" disabled="" data-test="connect-btn"><span class="v-btn__overlay"></span><span class="v-btn__underlay"></span>
                  <!----><span class="v-btn__content" data-no-activator="">Offline</span>
                  <!---->
                  <!---->
                </button>
                <!---->
                <!---->
              </td>
              <td data-v-787abe29="" class="text-center">39-5e-2a</td>
              <td data-v-787abe29="" class="text-center"><i data-v-787abe29="" data-test="deviceIcon-component" class="fl-linuxmint mr-1 mr-2" style="font-size: 20px;"></i><span data-v-787abe29="">Linux Mint 19.3</span></td>
              <td data-v-787abe29="" class="text-center"><span data-v-787abe29="" class="v-chip v-theme--light v-chip--density-default v-chip--size-default v-chip--variant-tonal" draggable="false" data-test="sshid-chip"><!----><span class="v-chip__underlay"></span>
                <!---->
                <!---->
                <div class="v-chip__content" data-no-activator=""><span data-v-787abe29="" aria-describedby="v-tooltip-v-4" class="hover-text">user.39-5e-2a@localhost</span>
                  <!--teleport start-->
                  <!--teleport end-->
                </div>
                <!---->
                <!----></span>
              </td>
              <td data-v-787abe29="" class="text-center">
                <div data-v-787abe29=""><span data-v-787abe29="" class="v-chip v-theme--light v-chip--density-default v-chip--size-small v-chip--variant-tonal mr-1" draggable="false" aria-describedby="v-tooltip-v-5" data-test="tag-chip"><!----><span class="v-chip__underlay"></span>
                  <!---->
                  <!---->
                  <div class="v-chip__content" data-no-activator="">test</div>
                  <!---->
                  <!----></span>
                  <!--teleport start-->
                  <!--teleport end-->
                </div>
              </td>
              <td data-v-787abe29="" class="text-center"><button data-v-787abe29="" type="button" class="v-btn v-btn--icon v-theme--light v-btn--density-comfortable v-btn--size-default v-btn--variant-plain border rounded bg-v-theme-background" aria-haspopup="menu" aria-expanded="false" aria-controls="v-menu-v-7"><span class="v-btn__overlay"></span><span class="v-btn__underlay"></span>
                  <!----><span class="v-btn__content" data-no-activator=""><i class="mdi-format-list-bulleted mdi v-icon notranslate v-theme--light v-icon--size-default" aria-hidden="true"></i></span>
                  <!---->
                  <!---->
                </button>
                <!--teleport start-->
                <!--teleport end-->
              </td>
            </tr>
            <tr data-v-787abe29="">
              <td data-v-787abe29="" class="text-center"><button data-v-35d3a308="" type="button" class="v-btn v-theme--light text-success v-btn--density-comfortable v-btn--size-default v-btn--variant-outlined" data-test="connect-btn"><span class="v-btn__overlay"></span><span class="v-btn__underlay"></span>
                  <!----><span class="v-btn__content" data-no-activator="">Connect</span>
                  <!---->
                  <!---->
                </button>
                <!---->
                <!---->
              </td>
              <td data-v-787abe29="" class="text-center">39-5e-2b</td>
              <td data-v-787abe29="" class="text-center"><i data-v-787abe29="" data-test="deviceIcon-component" class="fl-linuxmint mr-1 mr-2" style="font-size: 20px;"></i><span data-v-787abe29="">Linux Mint 19.3</span></td>
              <td data-v-787abe29="" class="text-center"><span data-v-787abe29="" class="v-chip v-theme--light v-chip--density-default v-chip--size-default v-chip--variant-tonal" draggable="false" data-test="sshid-chip"><!----><span class="v-chip__underlay"></span>
                <!---->
                <!---->
                <div class="v-chip__content" data-no-activator=""><span data-v-787abe29="" aria-describedby="v-tooltip-v-13" class="hover-text">user.39-5e-2b@localhost</span>
                  <!--teleport start-->
                  <!--teleport end-->
                </div>
                <!---->
                <!----></span>
              </td>
              <td data-v-787abe29="" class="text-center">
                <div data-v-787abe29=""><span data-v-787abe29="" class="v-chip v-theme--light v-chip--density-default v-chip--size-small v-chip--variant-tonal mr-1" draggable="false" aria-describedby="v-tooltip-v-14" data-test="tag-chip"><!----><span class="v-chip__underlay"></span>
                  <!---->
                  <!---->
                  <div class="v-chip__content" data-no-activator="">test</div>
                  <!---->
                  <!----></span>
                  <!--teleport start-->
                  <!--teleport end-->
                </div>
              </td>
              <td data-v-787abe29="" class="text-center"><button data-v-787abe29="" type="button" class="v-btn v-btn--icon v-theme--light v-btn--density-comfortable v-btn--size-default v-btn--variant-plain border rounded bg-v-theme-background" aria-haspopup="menu" aria-expanded="false" aria-controls="v-menu-v-16"><span class="v-btn__overlay"></span><span class="v-btn__underlay"></span>
                  <!----><span class="v-btn__content" data-no-activator=""><i class="mdi-format-list-bulleted mdi v-icon notranslate v-theme--light v-icon--size-default" aria-hidden="true"></i></span>
                  <!---->
                  <!---->
                </button>
                <!--teleport start-->
                <!--teleport end-->
              </td>
            </tr>
          </tbody>
        </table>
      </div>
      <!---->
    </div>
    <div data-v-046d4556="" class="v-progress-linear v-theme--light v-locale--is-ltr" style="top: 0px; height: 4px; --v-progress-linear-height: 4px;" role="progressbar" aria-hidden="false" aria-valuemin="0" aria-valuemax="100" alt="Data table loading">
      <!---->
      <div class="v-progress-linear__background"></div>
      <div class="v-progress-linear__buffer" style="width: 0%;"></div>
      <transition-stub name="fade-transition" appear="false" persisted="false" css="true">
        <div class="v-progress-linear__indeterminate">
          <div class="v-progress-linear__indeterminate long"></div>
          <div class="v-progress-linear__indeterminate short"></div>
        </div>
      </transition-stub>
      <!---->
    </div>
    <div data-v-046d4556="" class="d-flex w-100 justify-end align-center"><span data-v-046d4556="" class="text-subtitle-2 mr-4">Items per page:</span>
      <div data-v-046d4556="">
        <div data-v-046d4556="" class="v-input v-input--horizontal v-input--density-default v-theme--light v-locale--is-ltr v-input--dirty v-text-field v-input--plain-underlined v-combobox v-combobox--single mb-4">
          <!---->
          <div class="v-input__control">
            <div class="v-field v-field--active v-field--appended v-field--dirty v-field--no-label v-field--variant-underlined v-theme--light v-locale--is-ltr" role="combobox" aria-haspopup="menu" aria-expanded="false" aria-controls="v-menu-v-22">
              <div class="v-field__overlay"></div>
              <div class="v-field__loader">
                <div class="v-progress-linear v-theme--light v-locale--is-ltr" style="top: 0px; height: 0px; --v-progress-linear-height: 2px;" role="progressbar" aria-hidden="true" aria-valuemin="0" aria-valuemax="100">
                  <!---->
                  <div class="v-progress-linear__background"></div>
                  <div class="v-progress-linear__buffer" style="width: 0%;"></div>
                  <transition-stub name="fade-transition" appear="false" persisted="false" css="true">
                    <div class="v-progress-linear__indeterminate">
                      <div class="v-progress-linear__indeterminate long"></div>
                      <div class="v-progress-linear__indeterminate short"></div>
                    </div>
                  </transition-stub>
                  <!---->
                </div>
              </div>
              <!---->
              <div class="v-field__field" data-no-activator="">
                <!---->
                <!---->
                <!---->
                <div class="v-field__input" data-no-activator="">
                  <!---->
                  <!---->
                  <div class="v-combobox__selection"><span class="v-combobox__selection-text">10<!----></span></div><input size="1" type="text" id="input-v-20" aria-describedby="input-v-20-messages" outlined="" value="10">
                </div>
                <!---->
              </div>
              <!---->
              <div class="v-field__append-inner">
                <!----><i class="mdi-menu-down mdi v-icon notranslate v-theme--light v-icon--size-default v-icon--clickable v-combobox__menu-icon" role="button" aria-hidden="false" tabindex="-1" aria-label="Open" title="Open"></i>
                <!---->
              </div>
              <div class="v-field__outline">
                <!---->
                <!---->
              </div>
            </div>
          </div>
          <!---->
          <!---->
        </div>
      </div>
      <div data-v-046d4556="" class="d-flex align-center"><button data-v-046d4556="" type="button" class="v-btn v-btn--icon v-theme--light v-btn--density-default v-btn--size-default v-btn--variant-plain"><span class="v-btn__overlay"></span><span class="v-btn__underlay"></span>
          <!----><span class="v-btn__content" data-no-activator=""><i class="mdi-chevron-left mdi v-icon notranslate v-theme--light v-icon--size-default" aria-hidden="true"></i></span>
          <!---->
          <!---->
        </button><span data-v-046d4556="" class="text-subtitle-2">1 of NaN</span><button data-v-046d4556="" type="button" class="v-btn v-btn--icon v-theme--light v-btn--density-default v-btn--size-default v-btn--variant-plain"><span class="v-btn__overlay"></span><span class="v-btn__underlay"></span>
          <!----><span class="v-btn__content" data-no-activator=""><i class="mdi-chevron-right mdi v-icon notranslate v-theme--light v-icon--size-default" aria-hidden="true"></i></span>
          <!---->
          <!---->
        </button></div>
    </div>
  </div>
</div>"
`;
