// Vitest Snapshot v1, https://vitest.dev/guide/snapshot.html

exports[`Device Pending List > Renders the component 1`] = `
"<div>
  <div data-v-787abe29="" data-test="device-table">
    <div data-v-787abe29="" data-test="items-list">
      <div class="v-table v-theme--light v-table--density-default bg-background border rounded text-center" data-test="datatable">
        <!---->
        <div class="v-table__wrapper">
          <table>
            <thead class="bg-v-theme-background">
              <tr>
                <th class="text-center" data-test="th-name"><span tabindex="0" class="cursor-pointer text-decoration-underline" data-test="sort-name" aria-describedby="v-tooltip-v-0">Hostname <!----><!--teleport start--><!--teleport end--></span></th>
                <th class="text-center" data-test="th-operating_system"><span data-test="th-label">Operating System</span></th>
                <th class="text-center" data-test="th-request_time"><span data-test="th-label">Request Time</span></th>
                <th class="text-center" data-test="th-actions"><span data-test="th-label">Actions</span></th>
              </tr>
            </thead>
            <tbody data-test="tbody-has-items">
              <tr data-v-787abe29="">
                <td data-v-787abe29="" class="text-center"><a data-v-787abe29="" href="/devices/a582b47a42d" class="" data-test="a582b47a42d-field">39-5e-2a</a></td>
                <td data-v-787abe29="" class="text-center"><i data-v-787abe29="" data-test="device-icon" class="fl-linuxmint mr-1 mr-2" style="font-size: 20px;"></i><span data-v-787abe29="">Linux Mint 19.3</span></td>
                <td data-v-787abe29="" class="text-center">Wednesday, May 20th 2020, 6:58:53 pm</td>
                <td data-v-787abe29="" class="text-center"><button data-v-787abe29="" type="button" class="v-btn v-btn--icon v-theme--light v-btn--density-comfortable v-btn--size-default v-btn--variant-plain border rounded bg-v-theme-background" aria-haspopup="menu" aria-expanded="false" aria-controls="v-menu-v-1" data-test="device-table-actions"><span class="v-btn__overlay"></span><span class="v-btn__underlay"></span>
                    <!----><span class="v-btn__content" data-no-activator=""><i class="mdi-format-list-bulleted mdi v-icon notranslate v-theme--light v-icon--size-default" aria-hidden="true"></i></span>
                    <!---->
                    <!---->
                  </button>
                  <!--teleport start-->
                  <!--teleport end-->
                </td>
              </tr>
              <tr data-v-787abe29="">
                <td data-v-787abe29="" class="text-center"><a data-v-787abe29="" href="/devices/a582b47a42e" class="" data-test="a582b47a42e-field">39-5e-2b</a></td>
                <td data-v-787abe29="" class="text-center"><i data-v-787abe29="" data-test="device-icon" class="fl-linuxmint mr-1 mr-2" style="font-size: 20px;"></i><span data-v-787abe29="">Linux Mint 19.3</span></td>
                <td data-v-787abe29="" class="text-center">Wednesday, May 20th 2020, 7:58:53 pm</td>
                <td data-v-787abe29="" class="text-center"><button data-v-787abe29="" type="button" class="v-btn v-btn--icon v-theme--light v-btn--density-comfortable v-btn--size-default v-btn--variant-plain border rounded bg-v-theme-background" aria-haspopup="menu" aria-expanded="false" aria-controls="v-menu-v-5" data-test="device-table-actions"><span class="v-btn__overlay"></span><span class="v-btn__underlay"></span>
                    <!----><span class="v-btn__content" data-no-activator=""><i class="mdi-format-list-bulleted mdi v-icon notranslate v-theme--light v-icon--size-default" aria-hidden="true"></i></span>
                    <!---->
                    <!---->
                  </button>
                  <!--teleport start-->
                  <!--teleport end-->
                </td>
              </tr>
            </tbody>
          </table>
        </div>
        <!---->
      </div>
      <div class="v-progress-linear v-theme--light v-locale--is-ltr" style="top: 0px; height: 4px; --v-progress-linear-height: 4px;" role="progressbar" aria-hidden="false" aria-valuemin="0" aria-valuemax="100" alt="Data table loading" data-test="loading">
        <!---->
        <div class="v-progress-linear__background"></div>
        <div class="v-progress-linear__buffer" style="width: 0%;"></div>
        <transition-stub name="fade-transition" appear="false" persisted="false" css="true">
          <div class="v-progress-linear__indeterminate">
            <div class="v-progress-linear__indeterminate long"></div>
            <div class="v-progress-linear__indeterminate short"></div>
          </div>
        </transition-stub>
        <!---->
      </div>
      <div class="d-flex w-100 justify-end align-center" data-test="pager"><span class="text-subtitle-2 mr-4" data-test="ipp-label">Items per page:</span>
        <div>
          <div class="v-input v-input--horizontal v-input--density-default v-theme--light v-locale--is-ltr v-input--dirty v-text-field v-input--plain-underlined v-combobox v-combobox--single mb-4" data-test="ipp-combo">
            <!---->
            <div class="v-input__control">
              <div class="v-field v-field--active v-field--appended v-field--dirty v-field--no-label v-field--variant-underlined v-theme--light v-locale--is-ltr" role="combobox" aria-haspopup="menu" aria-expanded="false" aria-controls="menu-v-9">
                <div class="v-field__overlay"></div>
                <div class="v-field__loader">
                  <div class="v-progress-linear v-theme--light v-locale--is-ltr" style="top: 0px; height: 0px; --v-progress-linear-height: 2px;" role="progressbar" aria-hidden="true" aria-valuemin="0" aria-valuemax="100">
                    <!---->
                    <div class="v-progress-linear__background"></div>
                    <div class="v-progress-linear__buffer" style="width: 0%;"></div>
                    <transition-stub name="fade-transition" appear="false" persisted="false" css="true">
                      <div class="v-progress-linear__indeterminate">
                        <div class="v-progress-linear__indeterminate long"></div>
                        <div class="v-progress-linear__indeterminate short"></div>
                      </div>
                    </transition-stub>
                    <!---->
                  </div>
                </div>
                <!---->
                <div class="v-field__field" data-no-activator="">
                  <!---->
                  <!---->
                  <!---->
                  <div class="v-field__input" data-no-activator="">
                    <!---->
                    <!---->
                    <div class="v-combobox__selection"><span class="v-combobox__selection-text">10<!----></span></div><input size="1" role="combobox" type="text" id="input-v-11" aria-expanded="false" aria-controls="menu-v-9" outlined="" value="10">
                  </div>
                  <!---->
                </div>
                <!---->
                <div class="v-field__append-inner">
                  <!----><i class="mdi-menu-down mdi v-icon notranslate v-theme--light v-icon--size-default v-icon--clickable v-combobox__menu-icon" role="button" aria-hidden="false" tabindex="-1" aria-label="Open" title="Open"></i>
                  <!---->
                </div>
                <div class="v-field__outline">
                  <!---->
                  <!---->
                </div>
              </div>
            </div>
            <!---->
            <!---->
          </div>
        </div>
        <div class="d-flex align-center" data-test="pager-controls"><button type="button" class="v-btn v-btn--disabled v-btn--icon v-theme--light v-btn--density-default v-btn--size-default v-btn--variant-plain" disabled="" data-test="pager-prev"><span class="v-btn__overlay"></span><span class="v-btn__underlay"></span>
            <!----><span class="v-btn__content" data-no-activator=""><i class="mdi-chevron-left mdi v-icon notranslate v-theme--light v-icon--size-default" aria-hidden="true"></i></span>
            <!---->
            <!---->
          </button><span class="text-subtitle-2" data-test="pager-text">1 of 1</span><button type="button" class="v-btn v-btn--disabled v-btn--icon v-theme--light v-btn--density-default v-btn--size-default v-btn--variant-plain" disabled="" data-test="pager-next"><span class="v-btn__overlay"></span><span class="v-btn__underlay"></span>
            <!----><span class="v-btn__content" data-no-activator=""><i class="mdi-chevron-right mdi v-icon notranslate v-theme--light v-icon--size-default" aria-hidden="true"></i></span>
            <!---->
            <!---->
          </button></div>
      </div>
    </div>
    <!--v-if-->
  </div>
</div>"
`;
