// Vitest Snapshot v1, https://vitest.dev/guide/snapshot.html

exports[`Setting Tags > Renders the component 1`] = `
"<div class="v-container v-container--fluid v-locale--is-ltr">
  <div class="v-card v-theme--light v-card--density-default v-card--variant-flat bg-transparent" data-test="tags-settings-card">
    <!---->
    <div class="v-card__loader">
      <div class="v-progress-linear v-theme--light v-locale--is-ltr" style="top: 0px; height: 0px; --v-progress-linear-height: 2px;" role="progressbar" aria-hidden="true" aria-valuemin="0" aria-valuemax="100">
        <!---->
        <div class="v-progress-linear__background"></div>
        <div class="v-progress-linear__buffer" style="width: 0%;"></div>
        <transition-stub name="fade-transition" appear="false" persisted="false" css="true">
          <div class="v-progress-linear__indeterminate">
            <div class="v-progress-linear__indeterminate long"></div>
            <div class="v-progress-linear__indeterminate short"></div>
          </div>
        </transition-stub>
        <!---->
      </div>
    </div>
    <!---->
    <!---->
    <div class="v-card-item">
      <!---->
      <div class="v-card-item__content">
        <!---->
        <!---->
        <div class="v-list-item v-theme--light v-list-item--density-default rounded-0 v-list-item--variant-text pa-0 ma-0 mb-2" data-test="tags-settings-header">
          <!----><span class="v-list-item__underlay"></span>
          <!---->
          <div class="v-list-item__content" data-no-activator="">
            <div class="v-list-item-title">
              <h1>Tags</h1>
            </div>
            <div class="v-list-item-subtitle"><span data-test="tags-settings-subtitle">Manage your device and connector tags</span></div>
            <!---->
          </div>
          <!---->
        </div>
      </div>
      <!---->
    </div>
    <div class="v-table v-theme--light v-table--density-default bg-background border rounded mx-4" data-test="tagListList-dataTable">
      <!---->
      <div class="v-table__wrapper">
        <table>
          <thead class="bg-v-theme-background">
            <tr>
              <th class="text-center"><span>Name</span></th>
              <th class="text-center"><span>Actions</span></th>
            </tr>
          </thead>
          <tbody>
            <tr>
              <td class="text-center">1</td>
              <td class="text-center"><button type="button" class="v-btn v-btn--icon v-theme--light v-btn--density-comfortable v-btn--size-default v-btn--variant-plain border rounded bg-v-theme-background" aria-haspopup="menu" aria-expanded="false" aria-controls="v-menu-v-0" data-test="tag-list-actions"><span class="v-btn__overlay"></span><span class="v-btn__underlay"></span>
                  <!----><span class="v-btn__content" data-no-activator=""><i class="mdi-format-list-bulleted mdi v-icon notranslate v-theme--light v-icon--size-default" aria-hidden="true"></i></span>
                  <!---->
                  <!---->
                </button>
                <!--teleport start-->
                <!--teleport end-->
              </td>
            </tr>
            <tr>
              <td class="text-center">2</td>
              <td class="text-center"><button type="button" class="v-btn v-btn--icon v-theme--light v-btn--density-comfortable v-btn--size-default v-btn--variant-plain border rounded bg-v-theme-background" aria-haspopup="menu" aria-expanded="false" aria-controls="v-menu-v-4" data-test="tag-list-actions"><span class="v-btn__overlay"></span><span class="v-btn__underlay"></span>
                  <!----><span class="v-btn__content" data-no-activator=""><i class="mdi-format-list-bulleted mdi v-icon notranslate v-theme--light v-icon--size-default" aria-hidden="true"></i></span>
                  <!---->
                  <!---->
                </button>
                <!--teleport start-->
                <!--teleport end-->
              </td>
            </tr>
          </tbody>
        </table>
      </div>
      <!---->
    </div>
    <!---->
    <!----><span class="v-card__underlay"></span>
  </div>
</div>"
`;
