// Vitest Snapshot v1, https://vitest.dev/guide/snapshot.html

exports[`Setting Owner Info > Renders the component 1`] = `
"<div class="text-center">
  <div data-test="message-div">
    <h3 class="pl-6"><span>You're not the owner of this namespace.</span>
      <p data-test="contactUser-p">Contact the owner for more information.</p>
    </h3>
  </div><br>
</div>"
`;
