// Vitest Snapshot v1, https://vitest.dev/guide/snapshot.html

exports[`TerminalFontPicker.vue > renders the component 1`] = `
"<div class="d-flex flex-column align-center pa-4">
  <div class="v-input v-input--horizontal v-input--center-affix v-input--density-default v-theme--light v-locale--is-ltr v-input--dirty v-text-field v-select v-select--single v-select--selected w-100">
    <!---->
    <div class="v-input__control">
      <div class="v-field v-field--active v-field--appended v-field--center-affix v-field--dirty v-field--variant-filled v-theme--light v-locale--is-ltr" role="combobox" aria-haspopup="listbox" aria-expanded="false" aria-controls="menu-v-0">
        <div class="v-field__overlay"></div>
        <div class="v-field__loader">
          <div class="v-progress-linear v-theme--light v-locale--is-ltr" style="top: 0px; height: 0px; --v-progress-linear-height: 2px;" role="progressbar" aria-hidden="true" aria-valuemin="0" aria-valuemax="100">
            <!---->
            <div class="v-progress-linear__background"></div>
            <div class="v-progress-linear__buffer" style="width: 0%;"></div>
            <transition-stub name="fade-transition" appear="false" persisted="false" css="true">
              <div class="v-progress-linear__indeterminate">
                <div class="v-progress-linear__indeterminate long"></div>
                <div class="v-progress-linear__indeterminate short"></div>
              </div>
            </transition-stub>
            <!---->
          </div>
        </div>
        <!---->
        <div class="v-field__field" data-no-activator=""><label class="v-label v-field-label v-field-label--floating" for="input-v-2" aria-hidden="false">
            <!---->Font Family
          </label><label class="v-label v-field-label" for="input-v-2">
            <!---->Font Family
          </label>
          <!---->
          <div class="v-field__input" data-no-activator="">
            <!---->
            <!---->
            <div class="v-select__selection"><span class="v-select__selection-text">Monospace<!----></span></div><input size="1" role="combobox" type="text" id="input-v-2" aria-describedby="input-v-2-messages" inputmode="none" aria-expanded="false" aria-controls="menu-v-0" aria-label="Open" title="Open" value="Monospace">
          </div>
          <!---->
        </div>
        <!---->
        <div class="v-field__append-inner">
          <!----><i class="mdi-menu-down mdi v-icon notranslate v-theme--light v-icon--size-default v-select__menu-icon" aria-hidden="true"></i>
          <!---->
        </div>
        <div class="v-field__outline">
          <!---->
          <!---->
        </div>
      </div>
    </div>
    <!---->
    <div id="input-v-2-messages" class="v-input__details" role="alert" aria-live="polite">
      <transition-group-stub name="slide-y-transition" tag="div" appear="false" persisted="false" css="true" class="v-messages">
        <!---->
      </transition-group-stub>
      <!---->
    </div>
  </div>
  <div class="v-input v-input--horizontal v-input--center-affix v-input--density-compact v-theme--light v-locale--is-ltr v-input--dirty v-text-field v-number-input v-number-input--inset v-number-input--split w-100">
    <!---->
    <div class="v-input__control">
      <div class="v-field v-field--active v-field--appended v-field--center-affix v-field--dirty v-field--prepended v-field--variant-outlined v-theme--light v-locale--is-ltr">
        <div class="v-field__overlay"></div>
        <div class="v-field__loader">
          <div class="v-progress-linear v-theme--light v-locale--is-ltr" style="top: 0px; height: 0px; --v-progress-linear-height: 2px;" role="progressbar" aria-hidden="true" aria-valuemin="0" aria-valuemax="100">
            <!---->
            <div class="v-progress-linear__background"></div>
            <div class="v-progress-linear__buffer" style="width: 0%;"></div>
            <transition-stub name="fade-transition" appear="false" persisted="false" css="true">
              <div class="v-progress-linear__indeterminate">
                <div class="v-progress-linear__indeterminate long"></div>
                <div class="v-progress-linear__indeterminate short"></div>
              </div>
            </transition-stub>
            <!---->
          </div>
        </div>
        <div class="v-field__prepend-inner">
          <!---->
          <div class="v-number-input__control"><button type="button" class="v-btn v-btn--icon v-theme--light v-btn--density-default v-btn--size-default v-btn--variant-text" style="height: 100%;" tabindex="-1" aria-hidden="true" data-testid="decrement"><span class="v-btn__overlay"></span><span class="v-btn__underlay"></span>
              <!----><span class="v-btn__content" data-no-activator=""><i class="mdi-minus mdi v-icon notranslate v-theme--light v-icon--size-default" aria-hidden="true"></i></span>
              <!---->
              <!---->
            </button>
            <hr class="v-divider v-divider--vertical v-theme--light" aria-orientation="vertical" role="separator">
          </div>
          <!---->
        </div>
        <div class="v-field__field" data-no-activator="">
          <!----><label class="v-label v-field-label" for="input-v-6">
            <!---->Font Size
          </label>
          <!----><input size="1" type="text" id="input-v-6" inputmode="decimal" class="v-field__input" value="15">
          <!---->
        </div>
        <!---->
        <div class="v-field__append-inner">
          <!---->
          <div class="v-number-input__control">
            <hr class="v-divider v-divider--vertical v-theme--light" aria-orientation="vertical" role="separator"><button type="button" class="v-btn v-btn--icon v-theme--light v-btn--density-default v-btn--size-default v-btn--variant-text" style="height: 100%;" tabindex="-1" aria-hidden="true" data-testid="increment"><span class="v-btn__overlay"></span><span class="v-btn__underlay"></span>
              <!----><span class="v-btn__content" data-no-activator=""><i class="mdi-plus mdi v-icon notranslate v-theme--light v-icon--size-default" aria-hidden="true"></i></span>
              <!---->
              <!---->
            </button>
          </div>
          <!---->
        </div>
        <div class="v-field__outline">
          <div class="v-field__outline__start"></div>
          <div class="v-field__outline__notch"><label class="v-label v-field-label v-field-label--floating" for="input-v-6" aria-hidden="false">
              <!---->Font Size
            </label></div>
          <div class="v-field__outline__end"></div>
          <!---->
        </div>
      </div>
    </div>
    <!---->
    <!---->
  </div>
</div>"
`;
