// Vitest Snapshot v1, https://vitest.dev/guide/snapshot.html

exports[`Terminal.vue > renders the terminal container 1`] = `
"<body>
  <div class="v-overlay-container">
    <div class="v-overlay v-overlay--active v-theme--light v-locale--is-ltr v-dialog v-dialog--fullscreen bg-terminal h-100" style="z-index: 2400;" aria-modal="true" role="dialog" data-v-51513c71="">
      <transition-stub name="fade-transition" appear="true" persisted="false" css="true">
        <div class="v-overlay__scrim"></div>
      </transition-stub>
      <transition-stub name="dialog-transition" appear="true" persisted="true" css="true">
        <div class="v-overlay__content" tabindex="-1">
          <div data-v-51513c71="" class="v-card v-theme--light v-card--density-default v-card--variant-elevated bg-v-theme-surface border">
            <!---->
            <div class="v-card__loader">
              <div class="v-progress-linear v-theme--light v-locale--is-ltr" style="top: 0px; height: 0px; --v-progress-linear-height: 2px;" role="progressbar" aria-hidden="true" aria-valuemin="0" aria-valuemax="100">
                <!---->
                <div class="v-progress-linear__background"></div>
                <div class="v-progress-linear__buffer" style="width: 0%;"></div>
                <transition-stub name="fade-transition" appear="false" persisted="false" css="true">
                  <div class="v-progress-linear__indeterminate">
                    <div class="v-progress-linear__indeterminate long"></div>
                    <div class="v-progress-linear__indeterminate short"></div>
                  </div>
                </transition-stub>
                <!---->
              </div>
            </div>
            <!---->
            <!---->
            <!-- Content -->
            <!-- Titlebar -->
            <header class="v-toolbar v-toolbar--density-default bg-primary v-theme--light v-locale--is-ltr bg-v-theme-surface border-b px-4 py-2">
              <!---->
              <div class="v-toolbar__content" style="height: 64px;">
                <!---->
                <!---->
                <div class="v-avatar v-theme--light text-primary v-avatar--density-default v-avatar--rounded v-avatar--variant-tonal border border-primary border-opacity-100 mr-3" style="width: 48px; height: 48px;"><i class="mdi-console mdi v-icon notranslate v-theme--light" style="font-size: 24px; height: 24px; width: 24px;" aria-hidden="true"></i>
                  <!----><span class="v-avatar__underlay"></span>
                </div>
                <div>
                  <div class="v-toolbar-title text-h6">
                    <div class="v-toolbar-title__placeholder">
                      <!---->Terminal
                    </div>
                  </div>
                  <div class="text-caption text-medium-emphasis">Connected to test-device</div>
                </div>
                <div class="v-spacer"></div><button type="button" class="v-btn v-btn--icon v-theme--light v-btn--density-default v-btn--size-default v-btn--variant-text" data-test="close-btn-toolbar"><span class="v-btn__overlay"></span><span class="v-btn__underlay"></span>
                  <!----><span class="v-btn__content" data-no-activator=""><i class="mdi-close mdi v-icon notranslate v-theme--light v-icon--size-default" aria-hidden="true"></i></span>
                  <!---->
                  <!---->
                </button>
                <!---->
              </div>
              <transition-stub name="expand-transition" appear="false" persisted="false" css="true">
                <!---->
              </transition-stub>
            </header><!-- Content -->
            <div data-v-8b2eae94="" class="ma-0 pa-0 w-100 fill-height position-relative">
              <div data-v-8b2eae94="" class="terminal" data-test="terminal-container"></div>
            </div><!-- Footer -->
            <!--v-if-->
            <!---->
            <!----><span class="v-card__underlay"></span>
          </div>
        </div>
      </transition-stub>
    </div>
  </div>
</body>"
`;
