// Vitest Snapshot v1, https://vitest.dev/guide/snapshot.html

exports[`Device Icon > Renders the component 1`] = `"<i class="fl-ubuntu" style="font-size: 20px;"></i>"`;
