// Vitest Snapshot v1, https://vitest.dev/guide/snapshot.html

exports[`AppBar Component > Renders the component 1`] = `
"<div class="v-layout">
  <!---->
  <!---->
  <header class="v-toolbar v-toolbar--flat v-toolbar--floating v-toolbar--density-default v-theme--light v-locale--is-ltr v-app-bar bg-background border-b-thin" style="top: 0px; z-index: 1004; transform: translateY(0px); position: fixed; transition: none; left: 0px; width: calc(100% - 0px - 0px);" data-test="app-bar">
    <!---->
    <div class="v-toolbar__content" style="height: 64px;">
      <!---->
      <!----><button type="button" class="v-btn v-btn--icon v-theme--light v-btn--density-default v-btn--size-default v-btn--variant-text hidden-lg-and-up v-app-bar-nav-icon" aria-label="Toggle Menu" data-test="menu-toggle"><span class="v-btn__overlay"></span><span class="v-btn__underlay"></span>
        <!----><span class="v-btn__content" data-no-activator=""><i class="mdi-menu mdi v-icon notranslate v-theme--light v-icon--size-default" aria-hidden="true"></i></span>
        <!---->
        <!---->
      </button><i class="mdi-server-network mdi v-icon notranslate v-theme--light v-icon--size-default ml-4 hidden-md-and-down" aria-hidden="true"></i>
      <ul class="v-breadcrumbs v-breadcrumbs--density-default hidden-md-and-down" data-test="breadcrumbs">
        <!---->
        <!---->
      </ul>
      <div class="v-spacer"></div><button type="button" class="v-btn v-btn--icon v-theme--light text-primary v-btn--density-default v-btn--variant-text" aria-describedby="v-tooltip-v-2" aria-label="community-help-icon" data-test="support-btn"><span class="v-btn__overlay"></span><span class="v-btn__underlay"></span>
        <!----><span class="v-btn__content" data-no-activator=""><i class="mdi-help-circle mdi v-icon notranslate v-theme--light v-icon--size-default" aria-hidden="true"></i></span>
        <!---->
        <!---->
      </button>
      <!--teleport start-->
      <!--teleport end-->
      <div class="v-badge ml-3 mr-2" size="x-small" data-test="notifications-badge">
        <div class="v-badge__wrapper"><i class="mdi-bell mdi v-icon notranslate v-theme--light v-icon--size-default text-primary v-icon--clickable" role="button" aria-hidden="false" tabindex="0" aria-haspopup="menu" aria-expanded="false" aria-controls="v-menu-v-4" aria-label="Open notifications menu"></i>
          <transition-stub name="scale-rotate-transition" appear="false" persisted="false" css="true"><span class="v-badge__badge v-theme--light bg-success" style="bottom: calc(100% - 7px); left: calc(100% - 12px); display: none;" aria-atomic="true" aria-label="Badge" aria-live="polite" role="status">0</span></transition-stub>
        </div>
      </div>
      <!----><button type="button" class="v-btn v-theme--light text-primary v-btn--density-default v-btn--size-default v-btn--variant-text pl-2 pr-2 mr-4" aria-haspopup="menu" aria-expanded="false" aria-controls="v-menu-v-5" data-test="user-menu-btn"><span class="v-btn__overlay"></span><span class="v-btn__underlay"></span>
        <!----><span class="v-btn__content" data-no-activator=""><div data-v-09753bb1="" class="v-avatar v-theme--light bg-primary v-avatar--density-default v-avatar--variant-flat border" style="width: 1.5rem; height: 1.5rem;" data-test="user-icon"><div data-v-09753bb1="" class="v-responsive v-img v-img--booting" data-test="gravatar-image"><div class="v-responsive__sizer"></div><!----><transition-stub name="fade-transition" appear="false" persisted="false" css="true"><!----></transition-stub><!----><!----><!----><!----></div><!----><span class="v-avatar__underlay"></span>
    </div></span><span class="v-btn__append"><i class="mdi-menu-down mdi v-icon notranslate v-theme--light v-icon--size-default" aria-hidden="true"></i></span>
    <!----></button>
    <!---->
    <!---->
</div>
<transition-stub name="expand-transition" appear="false" persisted="false" css="true">
  <!---->
</transition-stub>
</header>
</div>"
`;
