// Vitest Snapshot v1, https://vitest.dev/guide/snapshot.html

exports[`Quick Connection > Renders the component 1`] = `
"<div data-v-136d2a2f=""><button data-v-136d2a2f="" tabindex="0" type="button" class="v-btn v-btn--block v-theme--light bg-primary v-btn--density-default v-btn--size-default v-btn--variant-flat" aria-label="Dialog Quick Connection" data-test="quick-connection-open-btn"><span class="v-btn__overlay"></span><span class="v-btn__underlay"></span><span class="v-btn__prepend"><i class="mdi-console mdi v-icon notranslate v-theme--light v-icon--size-default" aria-hidden="true"></i></span><span class="v-btn__content" data-no-activator=""> Quick Connect </span>
    <!---->
    <!---->
  </button>
  <div data-v-136d2a2f="">
    <p data-v-136d2a2f="" class="text-caption text-md font-weight-bold text-grey-darken-1 ma-1" data-test="quick-connect-instructions"> Press <span data-v-136d2a2f="" class="v-chip v-chip--label v-theme--light v-chip--density-compact v-chip--size-small v-chip--variant-tonal" draggable="false"><!----><span class="v-chip__underlay"></span>
      <!---->
      <!---->
    <div class="v-chip__content" data-no-activator="">Ctrl+K</div>
    <!---->
    <!----></span> to Quick Connect! </p>
  </div>
  <!---->
  <!---->
</div>"
`;
