// Vitest Snapshot v1, https://vitest.dev/guide/snapshot.html

exports[`Device Icon > Renders the component 1`] = `
"<snackbar-sucess-stub typemessage="" maincontent=""></snackbar-sucess-stub>
<snackbar-error-stub typemessage="" maincontent=""></snackbar-error-stub>
<snackbar-copy-stub maincontent=""></snackbar-copy-stub>"
`;
