// Vitest Snapshot v1, https://vitest.dev/guide/snapshot.html

exports[`Tag Form Create > Renders the component 1`] = `""`;
