// Vitest Snapshot v1, https://vitest.dev/guide/snapshot.html

exports[`Tag Form Update > Renders the component 1`] = `
"<div class="v-list-item v-list-item--link v-theme--light v-list-item--density-default rounded-0 v-list-item--variant-text" tabindex="0" data-test="open-tags-btn"><span class="v-list-item__overlay"></span><span class="v-list-item__underlay"></span>
  <!---->
  <div class="v-list-item__content" data-no-activator="">
    <!---->
    <!---->
    <div class="d-flex align-center">
      <div class="mr-2"><i class="mdi-tag mdi v-icon notranslate v-theme--light v-icon--size-default" aria-hidden="true"></i></div>
      <div class="v-list-item-title" data-test="hastags-verification">Edit tags</div>
    </div>
  </div>
  <!---->
</div>"
`;
