// Vitest Snapshot v1, https://vitest.dev/guide/snapshot.html

exports[`Connector List > Renders the component 1`] = `
"<div data-v-046d4556="" data-v-6fdd6bd6="" data-test="connector-list">
  <div data-v-046d4556="" class="v-table v-theme--light v-table--density-default bg-background border rounded">
    <!---->
    <div class="v-table__wrapper">
      <table>
        <thead data-v-046d4556="" class="bg-v-theme-background">
          <tr data-v-046d4556="">
            <th data-v-046d4556="" class="text-center"><span data-v-046d4556="">Status</span></th>
            <th data-v-046d4556="" class="text-center"><span data-v-046d4556="">Enable</span></th>
            <th data-v-046d4556="" class="text-center"><span data-v-046d4556="">Host</span></th>
            <th data-v-046d4556="" class="text-center"><span data-v-046d4556="">Secure</span></th>
            <th data-v-046d4556="" class="text-center"><span data-v-046d4556="">Actions</span></th>
          </tr>
        </thead>
        <tbody data-v-046d4556="">
          <tr data-v-6fdd6bd6="">
            <td data-v-6fdd6bd6="" class="text-center">
              <div data-v-6fdd6bd6="" data-test="status-connector" class="disabled text-center"></div>
            </td>
            <td data-v-6fdd6bd6="" class="text-center">
              <div data-v-6fdd6bd6="" class="v-row">
                <div data-v-6fdd6bd6="" class="v-col d-flex justify-center" data-test="switch-enable">
                  <div data-v-6fdd6bd6="" class="v-input v-input--horizontal v-input--center-affix v-input--density-default v-theme--light v-locale--is-ltr v-input--dirty v-switch v-switch--inset">
                    <!---->
                    <div class="v-input__control">
                      <div class="v-selection-control v-selection-control--dirty v-selection-control--density-default">
                        <div class="v-selection-control__wrapper text-primary">
                          <div class="v-switch__track bg-primary">
                            <!---->
                            <!---->
                          </div>
                          <div class="v-selection-control__input"><input checked="" id="switch-v-0" aria-disabled="false" type="checkbox" aria-describedby="switch-v-0-messages" value="true">
                            <div class="v-switch__thumb">
                              <transition-stub name="scale-transition" appear="false" persisted="false" css="true">
                                <!---->
                              </transition-stub>
                            </div>
                          </div>
                        </div>
                        <!---->
                      </div>
                    </div>
                    <!---->
                    <!---->
                  </div>
                </div>
              </div>
            </td>
            <td data-v-6fdd6bd6="" class="text-center"><span data-v-6fdd6bd6="" class="v-chip v-theme--light v-chip--density-default v-chip--size-default v-chip--variant-tonal" draggable="false" data-test="ip-chip"><!----><span class="v-chip__underlay"></span>
              <!---->
              <!---->
              <div class="v-chip__content" data-no-activator=""><span data-v-6fdd6bd6="" aria-describedby="v-tooltip-v-4" class="hover-text">127.0.0.1:2375</span>
                <!--teleport start-->
                <!--teleport end-->
              </div>
              <!---->
              <!----></span>
            </td>
            <td data-v-6fdd6bd6="" class="text-center"><i data-v-6fdd6bd6="" class="mdi-lock-open-alert mdi v-icon notranslate v-theme--light text-grey-darken-2 mr-1" style="font-size: 26px; height: 26px; width: 26px;" aria-hidden="true" data-test="secure-icon"></i></td>
            <td data-v-6fdd6bd6="" class="text-center" data-test="menu-key-component"><button data-v-6fdd6bd6="" type="button" class="v-btn v-btn--icon v-theme--light v-btn--density-comfortable v-btn--size-default v-btn--variant-plain border rounded bg-v-theme-background" aria-haspopup="menu" aria-expanded="false" aria-controls="v-menu-v-5" data-test="connector-list-actions"><span class="v-btn__overlay"></span><span class="v-btn__underlay"></span>
                <!----><span class="v-btn__content" data-no-activator=""><i class="mdi-format-list-bulleted mdi v-icon notranslate v-theme--light v-icon--size-default" aria-hidden="true"></i></span>
                <!---->
                <!---->
              </button>
              <!--teleport start-->
              <!--teleport end-->
            </td>
          </tr>
        </tbody>
      </table>
    </div>
    <!---->
  </div>
  <div data-v-046d4556="" class="v-progress-linear v-theme--light v-locale--is-ltr" style="top: 0px; height: 4px; --v-progress-linear-height: 4px;" role="progressbar" aria-hidden="false" aria-valuemin="0" aria-valuemax="100" alt="Data table loading">
    <!---->
    <div class="v-progress-linear__background"></div>
    <div class="v-progress-linear__buffer" style="width: 0%;"></div>
    <transition-stub name="fade-transition" appear="false" persisted="false" css="true">
      <div class="v-progress-linear__indeterminate">
        <div class="v-progress-linear__indeterminate long"></div>
        <div class="v-progress-linear__indeterminate short"></div>
      </div>
    </transition-stub>
    <!---->
  </div>
  <div data-v-046d4556="" class="d-flex w-100 justify-end align-center"><span data-v-046d4556="" class="text-subtitle-2 mr-4">Items per page:</span>
    <div data-v-046d4556="">
      <div data-v-046d4556="" class="v-input v-input--horizontal v-input--density-default v-theme--light v-locale--is-ltr v-input--dirty v-text-field v-input--plain-underlined v-combobox v-combobox--single mb-4">
        <!---->
        <div class="v-input__control">
          <div class="v-field v-field--active v-field--appended v-field--dirty v-field--no-label v-field--variant-underlined v-theme--light v-locale--is-ltr" role="combobox" aria-haspopup="menu" aria-expanded="false" aria-controls="v-menu-v-11">
            <div class="v-field__overlay"></div>
            <div class="v-field__loader">
              <div class="v-progress-linear v-theme--light v-locale--is-ltr" style="top: 0px; height: 0px; --v-progress-linear-height: 2px;" role="progressbar" aria-hidden="true" aria-valuemin="0" aria-valuemax="100">
                <!---->
                <div class="v-progress-linear__background"></div>
                <div class="v-progress-linear__buffer" style="width: 0%;"></div>
                <transition-stub name="fade-transition" appear="false" persisted="false" css="true">
                  <div class="v-progress-linear__indeterminate">
                    <div class="v-progress-linear__indeterminate long"></div>
                    <div class="v-progress-linear__indeterminate short"></div>
                  </div>
                </transition-stub>
                <!---->
              </div>
            </div>
            <!---->
            <div class="v-field__field" data-no-activator="">
              <!---->
              <!---->
              <!---->
              <div class="v-field__input" data-no-activator="">
                <!---->
                <!---->
                <div class="v-combobox__selection"><span class="v-combobox__selection-text">10<!----></span></div><input size="1" type="text" id="input-v-9" aria-describedby="input-v-9-messages" outlined="" value="10">
              </div>
              <!---->
            </div>
            <!---->
            <div class="v-field__append-inner">
              <!----><i class="mdi-menu-down mdi v-icon notranslate v-theme--light v-icon--size-default v-icon--clickable v-combobox__menu-icon" role="button" aria-hidden="false" tabindex="-1" aria-label="Open" title="Open"></i>
              <!---->
            </div>
            <div class="v-field__outline">
              <!---->
              <!---->
            </div>
          </div>
        </div>
        <!---->
        <!---->
      </div>
    </div>
    <div data-v-046d4556="" class="d-flex align-center"><button data-v-046d4556="" type="button" class="v-btn v-btn--disabled v-btn--icon v-theme--light v-btn--density-default v-btn--size-default v-btn--variant-plain" disabled=""><span class="v-btn__overlay"></span><span class="v-btn__underlay"></span>
        <!----><span class="v-btn__content" data-no-activator=""><i class="mdi-chevron-left mdi v-icon notranslate v-theme--light v-icon--size-default" aria-hidden="true"></i></span>
        <!---->
        <!---->
      </button><span data-v-046d4556="" class="text-subtitle-2">1 of 1</span><button data-v-046d4556="" type="button" class="v-btn v-btn--disabled v-btn--icon v-theme--light v-btn--density-default v-btn--size-default v-btn--variant-plain" disabled=""><span class="v-btn__overlay"></span><span class="v-btn__underlay"></span>
        <!----><span class="v-btn__content" data-no-activator=""><i class="mdi-chevron-right mdi v-icon notranslate v-theme--light v-icon--size-default" aria-hidden="true"></i></span>
        <!---->
        <!---->
      </button></div>
  </div>
</div>"
`;
