// Vitest Snapshot v1, https://vitest.dev/guide/snapshot.html

exports[`Firewall Rules > Renders the component 1`] = `
"<h1 class="mb-2">Firewall Rules</h1>
<div data-test="firewall-rules-list">
  <div class="v-table v-theme--light v-table--density-default bg-background border rounded text-center" data-test="datatable">
    <!---->
    <div class="v-table__wrapper">
      <table>
        <thead class="bg-v-theme-background">
          <tr>
            <th class="text-center" data-test="th-tenant_id"><span data-test="th-label">Tenant Id</span></th>
            <th class="text-center" data-test="th-priority"><span data-test="th-label">Priority</span></th>
            <th class="text-center" data-test="th-action"><span data-test="th-label">Action</span></th>
            <th class="text-center" data-test="th-source_ip"><span data-test="th-label">Source Ip</span></th>
            <th class="text-center" data-test="th-username"><span data-test="th-label">Username</span></th>
            <th class="text-center" data-test="th-filter"><span data-test="th-label">Filter</span></th>
            <th class="text-center" data-test="th-actions"><span data-test="th-label">Actions</span></th>
          </tr>
        </thead>
        <tbody data-test="tbody-has-items">
          <tr>
            <td>xxxxxxxx-xxxx-xxxx-xxxx-xxxxxxxxxxxx</td>
            <td>4</td>
            <td class="text-capitalize">allow</td>
            <td>127.0.0.1</td>
            <td>shellhub</td>
            <td>
              <div><span class="v-chip v-theme--light v-chip--density-compact v-chip--size-default v-chip--variant-tonal mr-1" draggable="false" outlined="" aria-describedby="v-tooltip-v-7"><!----><span class="v-chip__underlay"></span>
                <!---->
                <!---->
                <div class="v-chip__content" data-no-activator="">test-tag</div>
                <!---->
                <!----></span>
                <!--teleport start-->
                <!--teleport end-->
              </div>
            </td>
            <td><a class="mdi-information mdi v-icon notranslate v-theme--light v-icon--size-default v-icon--clickable" role="button" aria-hidden="false" tabindex="0" dark="" aria-describedby="v-tooltip-v-10"></a>
              <!--teleport start-->
              <!--teleport end-->
            </td>
          </tr>
        </tbody>
      </table>
    </div>
    <!---->
  </div>
  <!--v-if-->
  <div class="d-flex w-100 justify-end align-center" data-test="pager"><span class="text-subtitle-2 mr-4" data-test="ipp-label">Items per page:</span>
    <div>
      <div class="v-input v-input--horizontal v-input--density-default v-theme--light v-locale--is-ltr v-input--dirty v-text-field v-input--plain-underlined v-combobox v-combobox--single mb-4" data-test="ipp-combo">
        <!---->
        <div class="v-input__control">
          <div class="v-field v-field--active v-field--appended v-field--dirty v-field--no-label v-field--variant-underlined v-theme--light v-locale--is-ltr" role="combobox" aria-haspopup="menu" aria-expanded="false" aria-controls="menu-v-0">
            <div class="v-field__overlay"></div>
            <div class="v-field__loader">
              <div class="v-progress-linear v-theme--light v-locale--is-ltr" style="top: 0px; height: 0px; --v-progress-linear-height: 2px;" role="progressbar" aria-hidden="true" aria-valuemin="0" aria-valuemax="100">
                <!---->
                <div class="v-progress-linear__background"></div>
                <div class="v-progress-linear__buffer" style="width: 0%;"></div>
                <transition-stub name="fade-transition" appear="false" persisted="false" css="true">
                  <div class="v-progress-linear__indeterminate">
                    <div class="v-progress-linear__indeterminate long"></div>
                    <div class="v-progress-linear__indeterminate short"></div>
                  </div>
                </transition-stub>
                <!---->
              </div>
            </div>
            <!---->
            <div class="v-field__field" data-no-activator="">
              <!---->
              <!---->
              <!---->
              <div class="v-field__input" data-no-activator="">
                <!---->
                <!---->
                <div class="v-combobox__selection"><span class="v-combobox__selection-text">10<!----></span></div><input size="1" role="combobox" type="text" id="input-v-2" aria-expanded="false" aria-controls="menu-v-0" outlined="" value="10">
              </div>
              <!---->
            </div>
            <!---->
            <div class="v-field__append-inner">
              <!----><i class="mdi-menu-down mdi v-icon notranslate v-theme--light v-icon--size-default v-icon--clickable v-combobox__menu-icon" role="button" aria-hidden="false" tabindex="-1" aria-label="Open" title="Open"></i>
              <!---->
            </div>
            <div class="v-field__outline">
              <!---->
              <!---->
            </div>
          </div>
        </div>
        <!---->
        <!---->
      </div>
    </div>
    <div class="d-flex align-center" data-test="pager-controls"><button type="button" class="v-btn v-btn--disabled v-btn--icon v-theme--light v-btn--density-default v-btn--size-default v-btn--variant-plain" disabled="" data-test="pager-prev"><span class="v-btn__overlay"></span><span class="v-btn__underlay"></span>
        <!----><span class="v-btn__content" data-no-activator=""><i class="mdi-chevron-left mdi v-icon notranslate v-theme--light v-icon--size-default" aria-hidden="true"></i></span>
        <!---->
        <!---->
      </button><span class="text-subtitle-2" data-test="pager-text">1 of 1</span><button type="button" class="v-btn v-btn--disabled v-btn--icon v-theme--light v-btn--density-default v-btn--size-default v-btn--variant-plain" disabled="" data-test="pager-next"><span class="v-btn__overlay"></span><span class="v-btn__underlay"></span>
        <!----><span class="v-btn__content" data-no-activator=""><i class="mdi-chevron-right mdi v-icon notranslate v-theme--light v-icon--size-default" aria-hidden="true"></i></span>
        <!---->
        <!---->
      </button></div>
  </div>
</div>"
`;
