// Vitest Snapshot v1, https://vitest.dev/guide/snapshot.html

exports[`Device > Renders the component 1`] = `
"<div class="d-flex flex-column justify-space-between align-center flex-sm-row">
  <h1>Devices</h1>
  <div class="v-spacer"></div>
  <div class="w-50">
    <div class="v-input v-input--horizontal v-input--density-comfortable v-theme--light v-locale--is-ltr v-text-field v-input--plain-underlined">
      <!---->
      <div class="v-input__control">
        <div class="v-field v-field--appended v-field--single-line v-field--variant-underlined v-theme--light v-locale--is-ltr">
          <div class="v-field__overlay"></div>
          <div class="v-field__loader">
            <div class="v-progress-linear v-theme--light v-locale--is-ltr" style="top: 0px; height: 0px; --v-progress-linear-height: 2px;" role="progressbar" aria-hidden="true" aria-valuemin="0" aria-valuemax="100">
              <!---->
              <div class="v-progress-linear__background bg-primary"></div>
              <div class="v-progress-linear__buffer bg-primary" style="width: 0%;"></div>
              <transition-stub name="fade-transition" appear="false" persisted="false" css="true">
                <div class="v-progress-linear__indeterminate">
                  <div class="v-progress-linear__indeterminate long bg-primary"></div>
                  <div class="v-progress-linear__indeterminate short bg-primary"></div>
                </div>
              </transition-stub>
              <!---->
            </div>
          </div>
          <!---->
          <div class="v-field__field" data-no-activator="">
            <!----><label class="v-label v-field-label" for="input-v-0">
              <!---->Search by hostname
            </label>
            <!----><input size="1" type="text" id="input-v-0" class="v-field__input" value="">
            <!---->
          </div>
          <!---->
          <div class="v-field__append-inner">
            <!----><i class="mdi-magnify mdi v-icon notranslate v-theme--light v-icon--size-default" aria-hidden="true"></i>
          </div>
          <div class="v-field__outline">
            <!---->
            <!---->
          </div>
        </div>
      </div>
      <!---->
      <!---->
    </div>
  </div>
  <div class="v-spacer"></div>
</div>
<div class="v-card v-theme--light v-card--density-default v-card--variant-elevated mt-2">
  <!---->
  <div class="v-card__loader">
    <div class="v-progress-linear v-theme--light v-locale--is-ltr" style="top: 0px; height: 0px; --v-progress-linear-height: 2px;" role="progressbar" aria-hidden="true" aria-valuemin="0" aria-valuemax="100">
      <!---->
      <div class="v-progress-linear__background"></div>
      <div class="v-progress-linear__buffer" style="width: 0%;"></div>
      <transition-stub name="fade-transition" appear="false" persisted="false" css="true">
        <div class="v-progress-linear__indeterminate">
          <div class="v-progress-linear__indeterminate long"></div>
          <div class="v-progress-linear__indeterminate short"></div>
        </div>
      </transition-stub>
      <!---->
    </div>
  </div>
  <!---->
  <!---->
  <div data-v-aca44803="">
    <div data-v-aca44803="" data-test="devices-list">
      <div class="v-table v-theme--light v-table--density-default bg-background border rounded text-center">
        <!---->
        <div class="v-table__wrapper">
          <table>
            <thead class="bg-v-theme-background">
              <tr>
                <th class="text-center"><span tabindex="0" class="cursor-pointer text-decoration-underline" aria-describedby="v-tooltip-v-2">Online <!----><!--teleport start--><!--teleport end--></span></th>
                <th class="text-center"><span tabindex="0" class="cursor-pointer text-decoration-underline" aria-describedby="v-tooltip-v-3">Hostname <!----><!--teleport start--><!--teleport end--></span></th>
                <th class="text-center"><span tabindex="0" class="cursor-pointer text-decoration-underline" aria-describedby="v-tooltip-v-4">Info <!----><!--teleport start--><!--teleport end--></span></th>
                <th class="text-center"><span tabindex="0" class="cursor-pointer text-decoration-underline" aria-describedby="v-tooltip-v-5">Namespace <!----><!--teleport start--><!--teleport end--></span></th>
                <th class="text-center"><span>Tags</span></th>
                <th class="text-center"><span tabindex="0" class="cursor-pointer text-decoration-underline" aria-describedby="v-tooltip-v-6">Last Seen <!----><!--teleport start--><!--teleport end--></span></th>
                <th class="text-center"><span tabindex="0" class="cursor-pointer text-decoration-underline" aria-describedby="v-tooltip-v-7">Status <!----><!--teleport start--><!--teleport end--></span></th>
                <th class="text-center"><span>Actions</span></th>
              </tr>
            </thead>
            <tbody class="pa-4 text-subtitle-2">
              <tr>
                <td colspan="8" class="pa-4 text-subtitle-2 text-center"> No data available </td>
              </tr>
            </tbody>
          </table>
        </div>
        <!---->
      </div>
      <!--v-if-->
      <!--v-if-->
      <div class="d-flex w-100 justify-end align-center"><span class="text-subtitle-2 mr-4">Items per page:</span>
        <div>
          <div class="v-input v-input--horizontal v-input--density-default v-theme--light v-locale--is-ltr v-input--dirty v-text-field v-input--plain-underlined v-combobox v-combobox--single mb-4">
            <!---->
            <div class="v-input__control">
              <div class="v-field v-field--active v-field--appended v-field--dirty v-field--no-label v-field--variant-underlined v-theme--light v-locale--is-ltr" role="combobox" aria-haspopup="menu" aria-expanded="false" aria-controls="v-menu-v-10">
                <div class="v-field__overlay"></div>
                <div class="v-field__loader">
                  <div class="v-progress-linear v-theme--light v-locale--is-ltr" style="top: 0px; height: 0px; --v-progress-linear-height: 2px;" role="progressbar" aria-hidden="true" aria-valuemin="0" aria-valuemax="100">
                    <!---->
                    <div class="v-progress-linear__background"></div>
                    <div class="v-progress-linear__buffer" style="width: 0%;"></div>
                    <transition-stub name="fade-transition" appear="false" persisted="false" css="true">
                      <div class="v-progress-linear__indeterminate">
                        <div class="v-progress-linear__indeterminate long"></div>
                        <div class="v-progress-linear__indeterminate short"></div>
                      </div>
                    </transition-stub>
                    <!---->
                  </div>
                </div>
                <!---->
                <div class="v-field__field" data-no-activator="">
                  <!---->
                  <!---->
                  <!---->
                  <div class="v-field__input" data-no-activator="">
                    <!---->
                    <!---->
                    <div class="v-combobox__selection"><span class="v-combobox__selection-text">10<!----></span></div><input size="1" role="combobox" type="text" id="input-v-8" outlined="" value="10">
                  </div>
                  <!---->
                </div>
                <!---->
                <div class="v-field__append-inner">
                  <!----><i class="mdi-menu-down mdi v-icon notranslate v-theme--light v-icon--size-default v-icon--clickable v-combobox__menu-icon" role="button" aria-hidden="false" tabindex="-1" aria-label="Open" title="Open"></i>
                  <!---->
                </div>
                <div class="v-field__outline">
                  <!---->
                  <!---->
                </div>
              </div>
            </div>
            <!---->
            <!---->
          </div>
        </div>
        <div class="d-flex align-center"><button type="button" class="v-btn v-btn--disabled v-btn--icon v-theme--light v-btn--density-default v-btn--size-default v-btn--variant-plain" disabled=""><span class="v-btn__overlay"></span><span class="v-btn__underlay"></span>
            <!----><span class="v-btn__content" data-no-activator=""><i class="mdi-chevron-left mdi v-icon notranslate v-theme--light v-icon--size-default" aria-hidden="true"></i></span>
            <!---->
            <!---->
          </button><span class="text-subtitle-2">1 of 1</span><button type="button" class="v-btn v-btn--disabled v-btn--icon v-theme--light v-btn--density-default v-btn--size-default v-btn--variant-plain" disabled=""><span class="v-btn__overlay"></span><span class="v-btn__underlay"></span>
            <!----><span class="v-btn__content" data-no-activator=""><i class="mdi-chevron-right mdi v-icon notranslate v-theme--light v-icon--size-default" aria-hidden="true"></i></span>
            <!---->
            <!---->
          </button></div>
      </div>
    </div>
  </div>
  <!---->
  <!----><span class="v-card__underlay"></span>
</div>"
`;
