// Vitest Snapshot v1, https://vitest.dev/guide/snapshot.html

exports[`New Announcement > Renders the component 1`] = `
"<h1>Create new Announcement</h1>
<div class="v-card v-theme--light v-card--density-default v-card--variant-elevated mt-2">
  <!---->
  <div class="v-card__loader">
    <div class="v-progress-linear v-theme--light v-locale--is-ltr" style="top: 0px; height: 0px; --v-progress-linear-height: 2px;" role="progressbar" aria-hidden="true" aria-valuemin="0" aria-valuemax="100">
      <!---->
      <div class="v-progress-linear__background"></div>
      <div class="v-progress-linear__buffer" style="width: 0%;"></div>
      <transition-stub name="fade-transition" appear="false" persisted="false" css="true">
        <div class="v-progress-linear__indeterminate">
          <div class="v-progress-linear__indeterminate long"></div>
          <div class="v-progress-linear__indeterminate short"></div>
        </div>
      </transition-stub>
      <!---->
    </div>
  </div>
  <!---->
  <!---->
  <div class="v-card-item">
    <!---->
    <div class="v-card-item__content">
      <!---->
      <!---->
      <div class="v-card-title">Title</div>
      <div class="v-input v-input--horizontal v-input--density-default v-theme--light v-locale--is-ltr v-text-field v-input--plain-underlined" data-test="announcement-title">
        <!---->
        <div class="v-input__control">
          <div class="v-field v-field--no-label v-field--variant-underlined v-theme--light v-locale--is-ltr">
            <div class="v-field__overlay"></div>
            <div class="v-field__loader">
              <div class="v-progress-linear v-theme--light v-locale--is-ltr" style="top: 0px; height: 0px; --v-progress-linear-height: 2px;" role="progressbar" aria-hidden="true" aria-valuemin="0" aria-valuemax="100">
                <!---->
                <div class="v-progress-linear__background"></div>
                <div class="v-progress-linear__buffer" style="width: 0%;"></div>
                <transition-stub name="fade-transition" appear="false" persisted="false" css="true">
                  <div class="v-progress-linear__indeterminate">
                    <div class="v-progress-linear__indeterminate long"></div>
                    <div class="v-progress-linear__indeterminate short"></div>
                  </div>
                </transition-stub>
                <!---->
              </div>
            </div>
            <!---->
            <div class="v-field__field" data-no-activator="">
              <!---->
              <!---->
              <!----><input placeholder="Enter announcement title" size="1" type="text" id="input-v-0" aria-describedby="input-v-0-messages" class="v-field__input" value="">
              <!---->
            </div>
            <!---->
            <!---->
            <div class="v-field__outline">
              <!---->
              <!---->
            </div>
          </div>
        </div>
        <!---->
        <div id="input-v-0-messages" class="v-input__details" role="alert" aria-live="polite">
          <transition-group-stub name="slide-y-transition" tag="div" appear="false" persisted="false" css="true" class="v-messages">
            <!---->
          </transition-group-stub>
          <!---->
        </div>
      </div>
    </div>
    <!---->
  </div>
  <div class="v-card-item mt-n4">
    <!---->
    <div class="v-card-item__content">
      <!---->
      <!---->
      <div class="v-card-title">Content</div><textarea id="tiny-vue_random" visibility="hidden" data-test="announcement-content"></textarea>
      <!--v-if-->
      <!--v-if-->
    </div>
    <!---->
  </div>
  <div class="v-card-actions pa-4">
    <div class="v-spacer"></div><button type="button" class="v-btn v-btn--slim v-theme--light text-dark v-btn--density-default v-btn--size-default v-btn--variant-text" tabindex="0" data-test="announcement-btn-post"><span class="v-btn__overlay"></span><span class="v-btn__underlay"></span>
      <!----><span class="v-btn__content" data-no-activator=""> Post </span>
      <!---->
      <!---->
    </button>
  </div>
  <!---->
  <!----><span class="v-card__underlay"></span>
</div>"
`;
