// Vitest Snapshot v1, https://vitest.dev/guide/snapshot.html

exports[`RecoverMFA > Renders the component 1`] = `
"<div class="v-container v-locale--is-ltr">
  <transition-stub name="slide-y-reverse-transition" appear="false" persisted="false" css="true">
    <!---->
  </transition-stub>
  <div class="v-row">
    <div class="v-col" align="center">
      <h3 data-test="title">Multi-factor Authentication</h3>
    </div>
  </div>
  <div class="v-row mb-2">
    <div class="v-col" align="center">
      <h4 data-test="sub-title">If you lost your access to your MFA TOTP provider, please paste one of your recovery codes below</h4>
    </div>
  </div>
  <div class="v-input v-input--horizontal v-input--center-affix v-input--density-default v-theme--light v-locale--is-ltr v-text-field" data-test="recovery-code">
    <!---->
    <div class="v-input__control">
      <div class="v-field v-field--center-affix v-field--variant-outlined v-theme--light v-locale--is-ltr">
        <div class="v-field__overlay"></div>
        <div class="v-field__loader">
          <div class="v-progress-linear v-theme--light v-locale--is-ltr" style="top: 0px; height: 0px; --v-progress-linear-height: 2px;" role="progressbar" aria-hidden="true" aria-valuemin="0" aria-valuemax="100">
            <!---->
            <div class="v-progress-linear__background bg-primary"></div>
            <div class="v-progress-linear__buffer bg-primary" style="width: 0%;"></div>
            <transition-stub name="fade-transition" appear="false" persisted="false" css="true">
              <div class="v-progress-linear__indeterminate">
                <div class="v-progress-linear__indeterminate long bg-primary"></div>
                <div class="v-progress-linear__indeterminate short bg-primary"></div>
              </div>
            </transition-stub>
            <!---->
          </div>
        </div>
        <!---->
        <div class="v-field__field" data-no-activator="">
          <!----><label class="v-label v-field-label" for="input-v-0">
            <!---->Recovery Code
          </label>
          <!----><input size="1" type="text" id="input-v-0" aria-describedby="input-v-0-messages" required="" class="v-field__input" value="">
          <!---->
        </div>
        <!---->
        <!---->
        <div class="v-field__outline">
          <div class="v-field__outline__start"></div>
          <div class="v-field__outline__notch"><label class="v-label v-field-label v-field-label--floating" aria-hidden="true" for="input-v-0">
              <!---->Recovery Code
            </label></div>
          <div class="v-field__outline__end"></div>
          <!---->
        </div>
      </div>
    </div>
    <!---->
    <div id="input-v-0-messages" class="v-input__details" role="alert" aria-live="polite">
      <transition-group-stub name="slide-y-transition" tag="div" appear="false" persisted="false" css="true" class="v-messages">
        <!---->
      </transition-group-stub>
      <!---->
    </div>
  </div>
  <div class="v-card-actions justify-center pa-0"><button type="button" class="v-btn v-btn--block v-btn--disabled v-btn--slim v-theme--light text-primary v-btn--density-default v-btn--size-default v-btn--variant-tonal" disabled="" data-test="recover-btn"><span class="v-btn__overlay"></span><span class="v-btn__underlay"></span>
      <!----><span class="v-btn__content" data-no-activator=""> Recover Account </span>
      <!---->
      <!---->
    </button></div>
  <div class="v-row">
    <div class="v-col text-caption pa-4 mx-auto pt-4 pb-0"> If you lost your recovery codes, we'll send you an e-mail to disable this account MFA, <button type="button" class="v-btn v-theme--light text-primary v-btn--density-compact v-btn--size-default v-btn--variant-plain text-caption pl-0 pb-1"><span class="v-btn__overlay"></span><span class="v-btn__underlay"></span>
        <!----><span class="v-btn__content" data-no-activator=""> click here </span>
        <!---->
        <!---->
      </button></div>
  </div>
</div>"
`;
