// Vitest Snapshot v1, https://vitest.dev/guide/snapshot.html

exports[`Login > Renders the component 1`] = `
"<div class="v-container v-locale--is-ltr">
  <!--v-if-->
  <!--v-if-->
  <transition-stub name="slide-y-reverse-transition" appear="false" persisted="false" css="true">
    <!---->
  </transition-stub>
  <transition-stub name="slide-y-reverse-transition" appear="false" persisted="false" css="true">
    <!---->
  </transition-stub>
  <form class="v-form" novalidate="" data-test="form">
    <div class="v-col">
      <div class="v-input v-input--horizontal v-input--center-affix v-input--density-default v-theme--light v-locale--is-ltr v-text-field" data-test="username-text">
        <!---->
        <div class="v-input__control">
          <div class="v-field v-field--center-affix v-field--prepended v-field--variant-filled v-theme--light v-locale--is-ltr">
            <div class="v-field__overlay"></div>
            <div class="v-field__loader">
              <div class="v-progress-linear v-theme--light v-locale--is-ltr" style="top: 0px; height: 0px; --v-progress-linear-height: 2px;" role="progressbar" aria-hidden="true" aria-valuemin="0" aria-valuemax="100">
                <!---->
                <div class="v-progress-linear__background bg-primary"></div>
                <div class="v-progress-linear__buffer bg-primary" style="width: 0%;"></div>
                <transition-stub name="fade-transition" appear="false" persisted="false" css="true">
                  <div class="v-progress-linear__indeterminate">
                    <div class="v-progress-linear__indeterminate long bg-primary"></div>
                    <div class="v-progress-linear__indeterminate short bg-primary"></div>
                  </div>
                </transition-stub>
                <!---->
              </div>
            </div>
            <div class="v-field__prepend-inner"><i class="mdi-account mdi v-icon notranslate v-theme--light v-icon--size-default" aria-hidden="true"></i>
              <!---->
            </div>
            <div class="v-field__field" data-no-activator=""><label class="v-label v-field-label v-field-label--floating" aria-hidden="true" for="input-v-0">
                <!---->Username or email address
              </label><label class="v-label v-field-label" for="input-v-0">
                <!---->Username or email address
              </label>
              <!----><input size="1" type="text" id="input-v-0" aria-describedby="input-v-0-messages" required="" class="v-field__input" value="">
              <!---->
            </div>
            <!---->
            <!---->
            <div class="v-field__outline">
              <!---->
              <!---->
            </div>
          </div>
        </div>
        <!---->
        <div id="input-v-0-messages" class="v-input__details" role="alert" aria-live="polite">
          <transition-group-stub name="slide-y-transition" tag="div" appear="false" persisted="false" css="true" class="v-messages">
            <!---->
          </transition-group-stub>
          <!---->
        </div>
      </div>
      <div class="v-input v-input--horizontal v-input--center-affix v-input--density-default v-theme--light v-locale--is-ltr v-text-field" data-test="password-text">
        <!---->
        <div class="v-input__control">
          <div class="v-field v-field--appended v-field--center-affix v-field--prepended v-field--variant-filled v-theme--light v-locale--is-ltr">
            <div class="v-field__overlay"></div>
            <div class="v-field__loader">
              <div class="v-progress-linear v-theme--light v-locale--is-ltr" style="top: 0px; height: 0px; --v-progress-linear-height: 2px;" role="progressbar" aria-hidden="true" aria-valuemin="0" aria-valuemax="100">
                <!---->
                <div class="v-progress-linear__background bg-primary"></div>
                <div class="v-progress-linear__buffer bg-primary" style="width: 0%;"></div>
                <transition-stub name="fade-transition" appear="false" persisted="false" css="true">
                  <div class="v-progress-linear__indeterminate">
                    <div class="v-progress-linear__indeterminate long bg-primary"></div>
                    <div class="v-progress-linear__indeterminate short bg-primary"></div>
                  </div>
                </transition-stub>
                <!---->
              </div>
            </div>
            <div class="v-field__prepend-inner"><i class="mdi-lock mdi v-icon notranslate v-theme--light v-icon--size-default" aria-hidden="true"></i>
              <!---->
            </div>
            <div class="v-field__field" data-no-activator=""><label class="v-label v-field-label v-field-label--floating" aria-hidden="true" for="input-v-2">
                <!---->Password
              </label><label class="v-label v-field-label" for="input-v-2">
                <!---->Password
              </label>
              <!----><input size="1" type="password" id="input-v-2" aria-describedby="input-v-2-messages" required="" class="v-field__input" value="">
              <!---->
            </div>
            <!---->
            <div class="v-field__append-inner">
              <!----><i class="mdi-eye-off mdi v-icon notranslate v-theme--light v-icon--size-default v-icon--clickable" role="button" aria-hidden="false" tabindex="0" aria-label="Password appended action"></i>
            </div>
            <div class="v-field__outline">
              <!---->
              <!---->
            </div>
          </div>
        </div>
        <!---->
        <div id="input-v-2-messages" class="v-input__details" role="alert" aria-live="polite">
          <transition-group-stub name="slide-y-transition" tag="div" appear="false" persisted="false" css="true" class="v-messages">
            <!---->
          </transition-group-stub>
          <!---->
        </div>
      </div>
      <div class="v-card-actions justify-center pa-0"><button type="submit" class="v-btn v-btn--block v-btn--disabled v-btn--slim v-theme--light text-primary v-btn--density-default v-btn--size-default v-btn--variant-tonal" disabled="" data-test="login-btn"><span class="v-btn__overlay"></span><span class="v-btn__underlay"></span>
          <!----><span class="v-btn__content" data-no-activator=""> Login </span>
          <!---->
          <!---->
        </button></div>
    </div>
  </form>
  <div class="v-col">
    <div class="v-card-subtitle d-flex align-center justify-center pa-4 mx-auto pt-0 pb-0" data-test="forgotPassword-card"> Did you <a href="/forgot-pass" class="ml-1"> Forgot your Password? </a></div>
    <div class="v-card-subtitle d-flex align-center justify-center pa-4 mx-auto" data-test="isCloud-card"> Don't have an account? <a href="/sign-up" class="ml-1"> Sign up here </a></div>
  </div>
  <!--v-if-->
</div>"
`;
