// Vitest Snapshot v1, https://vitest.dev/guide/snapshot.html

exports[`Web Endpoin Create > Renders the component 1`] = `""`;
