// Vitest Snapshot v1, https://vitest.dev/guide/snapshot.html

exports[`Device Icon > Renders the component 1`] = `"<v-snackbar-stub color="#4caf50" multiline="false" timer="false" timeout="4000" vertical="false" location="top" tile="false" variant="tonal" absolute="false" attach="false" closeonback="true" contained="false" disabled="false" modelvalue="true" zindex="2000" activatorprops="[object Object]" openonhover="false" closeoncontentclick="false" eager="false" locationstrategy="static" origin="auto" transition="slide-x-transition"></v-snackbar-stub>"`;
